=== تعداد استخراج موفق تجمعی هر کانال (تا 2026-08-16T10:49:30) ===

BrilliantGift                           : 2
ConfigX2ray                             : 2
Do1rcci                                 : 2
FreakConfig                             : 2
Maznet                                  : 2
NetAccount                              : 2
NetShot1                                : 2
ParsiNetFree                            : 2
SNI_SPOOFINGconfig                      : 2
SparrK_VPN                              : 2
TheVPNMethod                            : 2
artemisvpn1                             : 2
byiroh                                  : 2
dingyue_center                          : 2
freevpnchina                            : 2
new_mtproxi2                            : 2
oliver_soul                             : 2
oneclickvpnkeys                         : 2
persianvpnhub                           : 2
pro_exi                                 : 2
pythash                                 : 2
saministamm                             : 2
tv2rayrr                                : 2
v2cnf                                   : 2
v2ray_extractor                         : 2
v2raynplus                              : 2
v2roay                                  : 2
vpnbaz                                  : 2
vpntrt                                  : 2
wbnet                                   : 2
whitedns                                : 2
xixv2ray                                : 2

مجموع کانال‌های ثبت‌شده: 32
