=== آمار تجمعی درخواست‌های استخراج (تا 2026-10-07T17:30:25) ===
مجموع کل درخواست‌ها تا الان: 2302

BrilliantGift                           : 56/56
ConfigX2ray                             : 56/56
Do1rcci                                 : 56/56
FreakConfig                             : 56/56
Maznet                                  : 56/56
NetAccount                              : 56/56
NetShot1                                : 56/56
ParsiNetFree                            : 56/56
SNI_SPOOFINGconfig                      : 56/56
SparrK_VPN                              : 56/56
TheVPNMethod                            : 56/56
artemisvpn1                             : 56/56
byiroh                                  : 56/56
dingyue_center                          : 56/56
freevpnchina                            : 56/56
new_mtproxi2                            : 56/56
oliver_soul                             : 56/56
oneclickvpnkeys                         : 56/56
persianvpnhub                           : 56/56
pro_exi                                 : 56/56
pythash                                 : 56/56
saministamm                             : 56/56
tv2rayrr                                : 56/56
v2cnf                                   : 56/56
v2ray_extractor                         : 56/56
v2roay                                  : 56/56
vpnbaz                                  : 56/56
vpntrt                                  : 56/56
wbnet                                   : 56/56
whitedns                                : 56/56
xixv2ray                                : 56/56
v2raynplus                              : 55/56
ConfiingPro                             : 54/54
v2to_nadi                               : 54/54
vpn_m2s                                 : 51/51
V2RAY_RAW                               : 39/39
base64                                  : 39/39
cloudflare-base64                       : 39/39
configs                                 : 39/39
mix                                     : 39/39
proxy_configs_tested                    : 39/39
sub_1                                   : 39/39
all_configs                             : 18/39
openproxylist_text                      : 0/39

مجموع کانال‌های ثبت‌شده: 44
