=== Country Statistics ===
Total Servers (Merged): 3557
Successful Geo-IP Resolutions: 3531
Failed Geo-IP Resolutions: 26
Domain               : 843
US                   : 547
Unknown              : 383
DE                   : 328
GB                   : 256
NL                   : 236
RU                   : 97
FR                   : 96
SG                   : 95
CA                   : 80
JP                   : 54
HK                   : 37
PL                   : 36
KR                   : 34
AE                   : 33
IT                   : 31
SE                   : 30
FI                   : 28
ES                   : 21
RO                   : 19
CH                   : 18
SC                   : 14
CY                   : 14
IR                   : 13
LV                   : 11
KZ                   : 11
IL                   : 10
IE                   : 9
CN                   : 9
BG                   : 9
TW                   : 8
RS                   : 8
ZA                   : 8
IN                   : 8
CZ                   : 7
BR                   : 7
LT                   : 7
MD                   : 7
TR                   : 7
EE                   : 6
AT                   : 6
GR                   : 6
NO                   : 5
LU                   : 5
MY                   : 4
ID                   : 4
UA                   : 4
QA                   : 4
TH                   : 3
AM                   : 3
GT                   : 3
BE                   : 2
CL                   : 2
DK                   : 1
IQ                   : 1
PK                   : 1
AL                   : 1
MX                   : 1

=== Server Type Summary ===
VLESS                : 2255
CDN                  : 1405
SS                   : 555
VMESS                : 407
HYSTERIA2            : 256
TROJAN               : 84
HYSTERIA             : 0
TUIC                 : 0
WIREGUARD            : 0
WARP                 : 0

=== Channel Statistics (Extraction) ===
configs                       : 950
mix                           : 321
base64                        : 211
proxy_configs_tested          : 176
V2RAY_RAW                     : 140
v2cnf                         : 100
v2ray_extractor               : 100
freevpnchina                  : 100
v2roay                        : 100
v2raynplus                    : 100
tv2rayrr                      : 85
oneclickvpnkeys               : 64
FreakConfig                   : 44
SparrK_VPN                    : 36
sub_1                         : 30
NetShot1                      : 19
persianvpnhub                 : 15
Maznet                        : 11
vpnbaz                        : 8
dingyue_center                : 7
cloudflare-base64             : 5
artemisvpn1                   : 0
ConfiingPro                   : 0
openproxylist_text            : 0
Do1rcci                       : 0
ConfigX2ray                   : 0
vpn_m2s                       : 0
all_configs                   : 0
new_mtproxi2                  : 0
pro_exi                       : 0
TheVPNMethod                  : 0
byiroh                        : 0
pythash                       : 0
wbnet                         : 0
BrilliantGift                 : 0
v2to_nadi                     : 0
vpntrt                        : 0
saministamm                   : 0
ParsiNetFree                  : 0
oliver_soul                   : 0
xixv2ray                      : 0
NetAccount                    : 0
SNI_SPOOFINGconfig            : 0
whitedns                      : 0
